
> ai-studio-applet@0.1.0 build
> next build

 ⚠ Specified "headers" will not automatically work with "output: export". See more info here: https://nextjs.org/docs/messages/export-no-custom-routes
   ▲ Next.js 15.5.12
   - Environments: .env.local

   Creating an optimized production build ...
 ⚠ Specified "headers" will not automatically work with "output: export". See more info here: https://nextjs.org/docs/messages/export-no-custom-routes
 ⚠ Specified "headers" will not automatically work with "output: export". See more info here: https://nextjs.org/docs/messages/export-no-custom-routes
 ⚠ Specified "headers" will not automatically work with "output: export". See more info here: https://nextjs.org/docs/messages/export-no-custom-routes
 ✓ Compiled successfully in 37.7s
   Skipping validation of types
   Skipping linting
   Collecting page data ...

> Build error occurred
[Error: Cannot find module '/Users/cryptojoker710/Desktop/Gemigram AIOS/Gemigram/.next/routes-manifest.json'
Require stack:
- /Users/cryptojoker710/Desktop/Gemigram AIOS/Gemigram/node_modules/next/dist/export/index.js
- /Users/cryptojoker710/Desktop/Gemigram AIOS/Gemigram/node_modules/next/dist/build/index.js
- /Users/cryptojoker710/Desktop/Gemigram AIOS/Gemigram/node_modules/next/dist/cli/next-build.js] {
  code: 'MODULE_NOT_FOUND',
  requireStack: [Array]
}
